src/components/ResultDashboard.tsx(595,24): error TS1005: ':' expected.
